// Jest Snapshot v1, https://goo.gl/fbAQLP

exports[`title html renders title 1`] = `
<h1>
  <strong>
    Contracts
  </strong>
</h1>
`;
